exit: 0
stdout:
---
# rapport prime - agent guide

## Purpose

- rapport is the token-efficient command surface for conventional dev-cycle work
- call `rapport prime <path>` at task start to learn how to drive rapport for this scope
- standard lifecycle verbs are `fix`, `lint`, `build`, `test`, `validate`, and `audit`

## How To Use

- `rapport doctor <path>` checks whether detected targets are runnable now without lifecycle work
- `rapport fix <path>` applies safe formatter/autofix conventions where supported
- `rapport validate <path>` is the default post-edit proof: lint, build, and test
- `rapport audit <path>` is the slower pre-release proof
- on failure, fix the reported issue and rerun the same rapport command

## Scope

- pass the repository, umbrella, project, or child directory you are editing
- rapport discovers supported targets below that path, or walks up to the nearest target when inside one
- run lifecycle commands on the same scope unless you intentionally narrow to one target

## Boundary

- rapport owns lifecycle proof: format/fix, lint, build, test, validate, and audit
- task runners own installs, local servers, deploys, migrations, generators, releases, and bespoke workflows
- Justfiles and similar runners may call rapport when they need the standard lifecycle answer

## Targets

- [project] - Android app (`settings.gradle.kts`)

## Android app Convention

- target: [project] (`settings.gradle.kts`)
- convention: ok
- expects: requires `settings.gradle.kts` or `settings.gradle`, a checked-in `./gradlew`, and at least one app module applying `com.android.application`
- expects: app modules are deterministic: included/root app modules run once in sorted module path order
- expects: local dev uses `LocalDebug` when a `local` flavor exists, otherwise `Debug`; audit bundles `ProductionRelease` when a `production` flavor exists, otherwise `Release`
- expects: fix runs configured ktlint `ktlintFormat`; lint runs configured `ktlintCheck`, configured `detekt`, and Android lint for the local dev variant
- expects: build assembles the local dev variant; test runs local JVM unit tests for that variant; validate composes lint + build + test; audit adds release bundle confidence
- expects: code generation and generated resources must be wired into the Gradle task graph for those Android tasks; installs, emulators, signing setup, and bespoke workflows belong in Just or project tooling

## Next

└ run rapport doctor [project]
stderr:
---
(empty)
