exit: 0
stdout:
---
# rapport prime - agent guide

## Purpose

- rapport is the token-efficient command surface for conventional dev-cycle work
- call `rapport prime <path>` at task start to learn how to drive rapport for this scope
- standard lifecycle verbs are `fix`, `lint`, `build`, `test`, `validate`, and `audit`

## How To Use

- `rapport doctor <path>` checks whether detected targets are runnable now without lifecycle work
- `rapport fix <path>` applies safe formatter/autofix conventions where supported
- `rapport validate <path>` is the default post-edit proof: lint, build, and test
- `rapport audit <path>` is the slower pre-release proof
- on failure, fix the reported issue and rerun the same rapport command

## Scope

- pass the repository, umbrella, project, or child directory you are editing
- rapport discovers supported targets below that path, or walks up to the nearest target when inside one
- run lifecycle commands on the same scope unless you intentionally narrow to one target

## Boundary

- rapport owns lifecycle proof: format/fix, lint, build, test, validate, and audit
- task runners own installs, local servers, deploys, migrations, generators, releases, and bespoke workflows
- Justfiles and similar runners may call rapport when they need the standard lifecycle answer

## Targets

- [project] - Fastlane (`fastlane/Fastfile`)

## Fastlane Convention

- target: [project] (`fastlane/Fastfile`)
- convention: missing - Fastlane projects must include a `Gemfile` pinning Fastlane so rapport can run `bundle exec fastlane`.
- expects: requires `Gemfile` and `fastlane/Fastfile`
- expects: Fastfile must define lanes `fix`, `lint`, `build`, `test`, `validate`, and `audit`
- expects: each lifecycle verb runs through `bundle exec fastlane <lane>`
- expects: Xcode-specific build, signing, and release details belong inside the Fastlane lanes

## Next

└ run rapport doctor [project]
stderr:
---
(empty)
