exit: 1
stdout:
---
(empty)
stderr:
---
Gradle project: [project]
Failing phase: build
## Output

```
Failing task(s):
- :app:compileLocalDebugKotlin

Failing test(s):
- com.rapport.GreeterTest > saysHello

Lint finding(s):
- app/src/main/AndroidManifest.xml:12: Error: Missing application icon [IconMissingDensityFolder]

Gradle detail(s):
- Compilation error. See log for details.
```

status: FAIL
duration: [duration]

## Next

└ run rapport lint [project]
