exit: 2
stdout:
---
(empty)
stderr:
---
You ran: rapport build [project]
Kustomize project: [project]
Kustomize renderer tooling was not found.
Install standalone Kustomize, or kubectl with Kustomize support, and make sure `kustomize` or `kubectl` is on PATH.

## Next

└ run kustomize version
└ run kubectl version --client
