exit: 2
stdout:
---
(empty)
stderr:
---
You ran: rapport lint [project]
SwiftPM project: [project]
SwiftPM linter config `.swiftlint.yml` is present, but `swiftlint` was not found.
Install SwiftLint from https://github.com/realm/SwiftLint and make sure `swiftlint` is on PATH.

## Next

└ run swiftlint version
