exit: 0
stdout:
---
# rapport prime - agent guide

## Purpose

- rapport is the token-efficient command surface for conventional dev-cycle work
- call `rapport prime <path>` at task start to learn how to drive rapport for this scope
- standard lifecycle verbs are `fix`, `lint`, `build`, `test`, `validate`, and `audit`

## How To Use

- `rapport doctor <path>` checks whether detected targets are runnable now without lifecycle work
- `rapport fix <path>` applies safe formatter/autofix conventions where supported
- `rapport validate <path>` is the default post-edit proof: lint, build, and test
- `rapport audit <path>` is the slower pre-release proof
- on failure, fix the reported issue and rerun the same rapport command

## Scope

- pass the repository, umbrella, project, or child directory you are editing
- rapport discovers supported targets below that path, or walks up to the nearest target when inside one
- run lifecycle commands on the same scope unless you intentionally narrow to one target

## Boundary

- rapport owns lifecycle proof: format/fix, lint, build, test, validate, and audit
- task runners own installs, local servers, deploys, migrations, generators, releases, and bespoke workflows
- Justfiles and similar runners may call rapport when they need the standard lifecycle answer

## Targets

- [project]/apps/api - Cargo (`Cargo.toml`)
- [project]/infra - Terraform (`*.tf`)

## Cargo Convention

- target: [project]/apps/api (`Cargo.toml`)
- convention: ok
- expects: requires `Cargo.toml` at a package or workspace root
- expects: fix/lint use `cargo fmt` and strict `cargo clippy --all-targets -- -D warnings`
- expects: build uses `cargo check`; test prefers `cargo nextest run` and falls back to `cargo test`
- expects: audit adds `cargo build --release` and `cargo doc --no-deps`
- expects: optional `[package.metadata.rapport.cargo]` or `[workspace.metadata.rapport.cargo]` may set feature/target flags

## Terraform Convention

- target: [project]/infra (`*.tf`)
- convention: ok
- expects: requires at least one `*.tf` file at the Terraform target root
- expects: fix/lint use `terraform fmt`; build uses `terraform validate`
- expects: test is a no-op unless a project wraps extra checks elsewhere
- expects: optional `.tflint.hcl` enables required TFLint lint/audit coverage

## Next

└ run rapport doctor [project]
stderr:
---
(empty)
