exit: 0
stdout:
---
## Targets

- [project]/apps/api - Cargo (`Cargo.toml`)
- [project]/infra - Terraform (`*.tf`)

## Cargo Target

- path: [project]/apps/api
- marker: `Cargo.toml`
- tool [ok] cargo; usable on PATH; probe `cargo --version`; affects fix, lint, build, test, validate, audit
- tool [ok] cargo fmt; usable on PATH; probe `cargo fmt --version`; affects fix, lint, validate, audit
- tool [ok] cargo clippy; usable on PATH; probe `cargo clippy --version`; affects lint, validate, audit
- config [ok] Cargo.toml; present; affects fix, lint, build, test, validate, audit

## Terraform Target

- path: [project]/infra
- marker: `*.tf`
- tool [ok] terraform; usable on PATH; probe `terraform --version`; affects fix, lint, build, validate, audit
- tool [ok] tflint; usable on PATH; probe `tflint --version`; affects lint, validate, audit
- config [ok] Terraform `*.tf` files; present; affects fix, lint, build, validate, audit
- config [ok] Terraform convention; valid; affects fix, lint, build, validate, audit

status: pass
duration: [duration]

## Next

└ run rapport validate [project]
stderr:
---
(empty)
