exit: 1
stdout:
---
(empty)
stderr:
---
Zola project: [project]
Failing phase: build
## Output

```
Zola template error(s):
- Error: Failed to render template 'index.html'
- Reason: template syntax error near broken_template
```

status: FAIL
duration: [duration]

## Next

└ run rapport lint [project]
